
----------------
**** ZipView: ZipView26OCT2007 Start OS: Windows XP  5.1  Time: 2008-5-14 16:17:47  India Standard Time
----------------
ZipView Application initialized successfully.
closeArchive() done

----------------
**** ZipView Exit:  Time: 2008-5-14 16:18:5  India Standard Time
----------------

----------------
**** ZipView: ZipView26OCT2007 Start OS: Windows XP  5.1  Time: 2008-5-14 16:20:7  India Standard Time
----------------
ZipView Application initialized successfully.
closeArchive() done

----------------
**** ZipView Exit:  Time: 2008-5-14 16:20:23  India Standard Time
----------------

----------------
**** ZipView: ZipView26OCT2007 Start OS: Windows XP  5.1  Time: 2009-10-7 21:59:15  India Standard Time
----------------
ZipView Application initialized successfully.
closeArchive() done

----------------
**** ZipView Exit:  Time: 2009-10-7 23:11:22  India Standard Time
----------------

----------------
**** ZipView: ZipView26OCT2007 Start OS: Windows XP  5.1  Time: 2010-10-6 14:16:31  India Standard Time
----------------
ZipView Application initialized successfully.
Exception at slideDelay setjava.lang.NumberFormatException: null
Create operation
Create operation
Create operation
closeArchive() done

----------------
**** ZipView Exit:  Time: 2010-10-6 14:18:16  India Standard Time
----------------
